#-----------------------------------------------------------
# xsim v2024.2 (64-bit)
# SW Build 5239630 on Fri Nov 08 22:35:27 MST 2024
# IP Build 5239520 on Sun Nov 10 16:12:51 MST 2024
# SharedData Build 5239561 on Fri Nov 08 14:39:27 MST 2024
# Start of session at: Wed Jul 29 09:36:09 2026
# Process ID         : 13232
# Current directory  : C:/Users/Zenetics/OneDrive/Projects/UWASIC/10G-Ethernet-Parser-Fork/10G-Ethernet-Parser
# Command line       : xsim.exe -mode tcl -source {xsim.dir/dec_sim/xsim_script.tcl}
# Log file           : C:/Users/Zenetics/OneDrive/Projects/UWASIC/10G-Ethernet-Parser-Fork/10G-Ethernet-Parser/xsim.log
# Journal file       : C:/Users/Zenetics/OneDrive/Projects/UWASIC/10G-Ethernet-Parser-Fork/10G-Ethernet-Parser\xsim.jou
# Running On         : W1Z3N
# Platform           : Windows Server 2016 or Windows 10
# Operating System   : 26200
# Processor Detail   : AMD Ryzen 5 7640U w/ Radeon 760M Graphics      
# CPU Frequency      : 3493 MHz
# CPU Physical cores : 6
# CPU Logical cores  : 12
# Host memory        : 33618 MB
# Swap memory        : 2147 MB
# Total Virtual      : 35765 MB
# Available Virtual  : 12427 MB
#-----------------------------------------------------------
source xsim.dir/dec_sim/xsim_script.tcl
# xsim {dec_sim} -autoloadwcfg -runall
Time resolution is 1 ps
run -all
==============================================
  block_sync isolated testbench
==============================================

[TEST 1] o_lock asserts after 64th header & o_slip doesn't fire through sequence
TEST PASSED: o_lock asserts after 64th header
TEST PASSED: o_slip is never fired

[TEST 2] o_slip fires on invalid header
TEST PASSED: o_slip fires on invalid header
TEST PASSED: o_lock stays low on invalid header
TEST FAILED: Counter doesn't reset
TEST FAILED: o_lock not asserted after another 64 valid headers

[TEST 3] o_slip fires on invalid header
TEST PASSED: o_slip fires invalid header #          0
TEST PASSED: o_slip fires invalid header #          1
TEST PASSED: o_slip fires invalid header #          2
TEST PASSED: o_slip fires invalid header #          3
TEST PASSED: o_slip fires invalid header #          4
TEST PASSED: o_lock asserts after 64th header

[TEST 4] Lock maintenance: Sparse invalid headers
TEST PASSED: o_lock stays high

[TEST 5] Lock loss: 65 invalid headers in 1024 window
TEST PASSED: o_lock is dropped
TEST PASSED: o_slip fires on invalid header
TEST PASSED: Block_Sync returns to LOCK_LOST state

[TEST 6] i_serdes_v gating
TEST PASSED: o_lock is dropped
TEST PASSED: o_lock stays low after 63 headers(reacquisition not yet complete)
TEST PASSED: o_lock asserts after 64th header

[TEST 7] i_valid gating
TEST PASSED: o_slip does not fire (no valid header to evaluate)
TEST PASSED: counter stays flat, does not advance

[TEST 8] lock-loss-relock cycle
TEST PASSED: o_lock asserts after 64th header
TEST PASSED: o_slip is never fired
TEST PASSED: o_lock is dropped
TEST PASSED: o_slip fires on invalid header
TEST PASSED: Block_Sync returns to LOCK_LOST state
TEST PASSED: o_lock asserts after 64th header
TEST PASSED: o_slip is never fired

==============================================
  Results: 26 PASSED, 2 FAILED
==============================================
$finish called at time : 23843200 ps : File "C:/Users/Zenetics/OneDrive/Projects/UWASIC/10G-Ethernet-Parser-Fork/10G-Ethernet-Parser/verification/RTL_tb/PCS/block_sync_iso_tb.sv" Line 467
exit
INFO: [Common 17-206] Exiting xsim at Wed Jul 29 09:36:12 2026...
